====================================================================================================
DATA-PROVENANCE AUDIT (raw .mat -> label -> features)
====================================================================================================

[A] capacity label vs independent integral of |I| dt over each discharge
    (the pipeline uses NASA's own reported capacity - verified exactly equal to the CSV.
     This integral is an independent cross-check, so the tolerance is relative: the two
     integration schemes need not agree to the last digit.)

[D] features recomputed from raw vs time_domain_features.csv

[F] proxy check: dis_duration x mean discharge current vs capacity

[G] against the advisor's own verified numbers
  cycles  : {'B0005': 168, 'B0006': 168, 'B0007': 168, 'B0018': 132}  expected 168/168/168/132
  min SOH : {'B0005': 69.9, 'B0006': 57.2, 'B0007': 74.4, 'B0018': 72.9}  expected 69.9 / 57.2 / 74.4 / 72.9

====================================================================================================
PASS | B0005: SOH == capacity/qref*100 (qref = mean of first 5 = 1.8416 Ah)
PASS | B0005: feature-file capacity == NASA_Capacity_Data.csv
PASS | B0006: SOH == capacity/qref*100 (qref = mean of first 5 = 2.0175 Ah)
PASS | B0006: feature-file capacity == NASA_Capacity_Data.csv
PASS | B0007: SOH == capacity/qref*100 (qref = mean of first 5 = 1.8825 Ah)
PASS | B0007: feature-file capacity == NASA_Capacity_Data.csv
PASS | B0018: SOH == capacity/qref*100 (qref = mean of first 5 = 1.8402 Ah)
PASS | B0018: feature-file capacity == NASA_Capacity_Data.csv
PASS | B0005: max|integrated Ah - NASA capacity| = 0.00575 Ah = 0.37% of mean capacity (tolerance 2%)
PASS | B0006: max|integrated Ah - NASA capacity| = 0.01891 Ah = 1.22% of mean capacity (tolerance 2%)
PASS | B0007: max|integrated Ah - NASA capacity| = 0.02802 Ah = 1.70% of mean capacity (tolerance 2%)
PASS | B0018: max|integrated Ah - NASA capacity| = 0.01950 Ah = 1.25% of mean capacity (tolerance 2%)
PASS | dis_duration: max abs diff over all 4 batteries = 4.547e-13
PASS | dis_mean_V: max abs diff over all 4 batteries = 8.882e-16
PASS | dis_mean_T: max abs diff over all 4 batteries = 7.105e-15
PASS | dis_V_slope: max abs diff over all 4 batteries = 9.991e-17
PASS | cc_dur: max abs diff over all 4 batteries = 9.095e-13
PASS | cv_dur: max abs diff over all 4 batteries = 1.819e-12
PASS | cv_I_slope: max abs diff over all 4 batteries = 9.937e-17
PASS | ch_mean_T: max abs diff over all 4 batteries = 7.105e-15
PASS | B0005: max|duration*I - capacity| = 0.0078 Ah (0.50% of mean capacity)
PASS | B0006: max|duration*I - capacity| = 0.0233 Ah (1.51% of mean capacity)
PASS | B0007: max|duration*I - capacity| = 0.0250 Ah (1.52% of mean capacity)
PASS | B0018: max|duration*I - capacity| = 0.0135 Ah (0.87% of mean capacity)
PASS | cycle counts match the advisor's audit
PASS | min SOH per battery matches the advisor's audit to 0.1 %

ALL 26 CHECKS PASSED
