discharge cycles: 636   cycles where the 4.0-3.6 V window does not exist: 0
rows: 636  NaN per feature:
win_dur        0
win_mean_V     0
win_mean_T     0
win_V_slope    0
win_dT         0
win_dQ         0
win_frac       0

=== proxy rule applied to the WINDOW features (within-battery OLS R2 vs capacity) ===
feature       mean R2(cap)                    per-battery R2  class
win_dur              0.995      [0.997, 0.991, 0.997, 0.992]  PROXY
win_mean_V           0.659       [0.654, 0.883, 0.547, 0.55]  BORDERLINE
win_mean_T           0.494       [0.374, 0.67, 0.309, 0.621]  SAFE
win_V_slope          0.968       [0.988, 0.912, 0.99, 0.983]  PROXY
win_dT               0.935      [0.946, 0.951, 0.901, 0.943]  PROXY
win_dQ               0.995      [0.997, 0.991, 0.997, 0.992]  PROXY
win_frac             0.979      [0.977, 0.988, 0.964, 0.986]  PROXY

=== cross-battery domain shift (per-battery mean min..max) vs the whole-cycle analogues ===
  win_dur          798.6594 ..    1099.6302   spread 1.377x
  win_mean_V         3.7339 ..       3.7531   spread 1.005x
  win_mean_T        26.9782 ..      28.4219   spread 1.054x
  win_V_slope       -0.0004 ..      -0.0003   spread -0.734x
  win_dT             5.3915 ..       6.6505   spread 1.234x
  win_dQ             0.4460 ..       0.6077   spread 1.363x
  win_frac           0.2479 ..       0.3483   spread 1.405x

  for comparison, whole-cycle features:
  dis_duration    3069.0741 ..    3129.5239   spread 1.020x
  dis_mean_V         3.4637 ..       3.5176   spread 1.016x
  dis_mean_T        31.0942 ..      32.7927   spread 1.055x
  dis_V_slope       -0.0003 ..      -0.0002   spread -0.734x

saved: nested_lobo/window_features.csv
