================================================================================================
[1] structure, provenance, metric recomputation
  note: 5 cycles are dropped, so test sizes are 167/167/167/131 for folds B0005/B0006/B0007/B0018 (full battery sizes {'B0005': 168, 'B0006': 168, 'B0007': 168, 'B0018': 132})

================================================================================================
[2] PAIRED per-(fold, seed) comparison - identical rows and seeds for all three settings
setting            TD-Clean-6*  TD-Clean-7  TD-Clean-8  +ic_peak_V  +t_40_41  total
test_battery seed                                                                  
B0005        7           0.509       0.867       0.901       0.358     0.034  0.392
             11          0.786       0.919       0.875       0.133    -0.044  0.088
             42          0.933       0.506       0.884      -0.427     0.377 -0.049
             123         0.293       0.869       0.834       0.576    -0.035  0.541
             2024        0.847       0.847       0.816       0.000    -0.031 -0.031
B0006        7           0.569       0.539       0.684      -0.029     0.144  0.115
             11          0.544       0.504       0.647      -0.041     0.143  0.102
             42          0.519       0.726       0.677       0.207    -0.049  0.158
             123         0.574       0.618       0.710       0.044     0.092  0.136
             2024        0.570       0.596       0.566       0.027    -0.031 -0.004
B0007        7           0.804       0.909       0.956       0.105     0.047  0.152
             11          0.936       0.920       0.862      -0.016    -0.058 -0.074
             42          0.621       0.961       0.924       0.340    -0.037  0.303
             123         0.843       0.905       0.942       0.062     0.037  0.099
             2024        0.886       0.914       0.937       0.029     0.022  0.051
B0018        7           0.565       0.837       0.788       0.272    -0.049  0.223
             11          0.762       0.804       0.849       0.042     0.045  0.087
             42          0.574       0.788       0.808       0.213     0.021  0.234
             123         0.448       0.817       0.793       0.369    -0.024  0.346
             2024        0.707       0.588       0.756      -0.119     0.169  0.050

  mean R2   : CLEAN6* 0.664 -> CLEAN7 0.772 -> CLEAN8 0.810
  median R2 : CLEAN6* 0.598 -> CLEAN7 0.827 -> CLEAN8 0.825
  std       : CLEAN6* 0.177 -> CLEAN7 0.155 -> CLEAN8 0.109

  per-fold mean R2:
setting       TD-Clean-6*  TD-Clean-7  TD-Clean-8
test_battery                                     
B0005               0.674       0.802       0.862
B0006               0.555       0.597       0.657
B0007               0.818       0.922       0.924
B0018               0.611       0.767       0.799

================================================================================================
[3] the instability that makes the aggregate unusable on its own
  TD-Clean-6 on 636 rows : mean 0.490 median 0.556 std 0.381
  TD-Clean-6* on 631 rows: mean 0.664 median 0.598 std 0.177
  -> removing 5 of 636 cycles (0.8%) moves the score by +0.174

  worst per-fold-seed swing from those 5 rows:
    min -0.647  max +0.860

================================================================================================
PASS | 120 rows = 3 settings x 2 stages x 4 folds x 5 seeds | 120
PASS | all 3 settings present
PASS | no NaN in the metric columns
PASS | every block traces to the raw feature file and y_true == raw SOH | []
PASS | recomputed RMSE and R2 match every row | max|diff|=5.00e-05
PASS | adding ic_peak_V: improves in 15/20 fold-seeds | mean delta +0.107
PASS | CLEAN6 -> CLEAN8 total: improves in 16/20 fold-seeds | mean delta +0.146
PASS | every fold improves at every step

ALL 8 CHECKS PASSED

Notes:
  NOTE | t_40_41 added on top of ic_peak_V is NOT supported: it improves in only 11/20 fold-seeds with a mean delta of +0.039, i.e. within noise. Report ic_peak_V as the supported addition and t_40_41 as untested/unsupported.
  NOTE | therefore the honest claim is the PAIRED result (0.664 -> 0.810 on identical rows), not a comparison of 0.490 against 0.810 across different row sets
