============================================================================================
[A] RIDGE under nested LOBO - same folds, same seeds, same scaling as the BPNN
============================================================================================
          setting  mean_R2  median_R2   std  n
       TD-All (8)    0.823      0.827 0.118 20
TD-Proxy-Free (7)    0.323      0.437 0.514 20
   TD-Clean-6 (6)   -0.526      0.065 1.600 20
   TD-Clean-4 (4)   -1.965     -1.355 1.832 20

BPNN reference (same protocol): TD-All 0.927 | Proxy-Free 0.845 | Clean-6 0.490 | Clean-4 -0.400

============================================================================================
[B] LEAVE-ONE-FEATURE-OUT with ridge (full 8-feature set, same protocol)
============================================================================================
     dropped  n_feats  mean_R2  delta_vs_full
dis_duration        7   0.3227        -0.5003
  dis_mean_V        7   0.4474        -0.3756
      cc_dur        7   0.8203        -0.0027
      (none)        8   0.8230         0.0000
  cv_I_slope        7   0.8239         0.0009
      cv_dur        7   0.8250         0.0019
  dis_mean_T        7   0.8266         0.0036
 dis_V_slope        7   0.8420         0.0190
   ch_mean_T        7   0.8474         0.0244

  most negative delta = the feature whose removal hurts most = the biggest carrier of signal

saved: r3c5_ridge_probe.csv
