[device] cpu | threads=8

--- TD-Clean-6: 6 features ['dis_mean_T', 'dis_V_slope', 'cc_dur', 'cv_dur', 'cv_I_slope', 'ch_mean_T']
  [guard] no candidate converged (min sel_epochs=1); retrained [16]/l2=0.0001 for 200 epochs -> val RMSE=27.3889
TD-Clean-6   seed42    test=B0005 cfg=[16]/l2=0.0001 ep=200 | R2=+0.931 RMSE=2.713
TD-Clean-6   seed42    test=B0006 cfg=[16]/l2=0.0 ep=29 | R2=-0.073 RMSE=12.901
  [guard] dropped 1 non-converged candidate(s) (sel_epochs < 20)
TD-Clean-6   seed42    test=B0007 cfg=[16]/l2=0.0 ep=353 | R2=+0.683 RMSE=4.800
TD-Clean-6   seed42    test=B0018 cfg=[8, 4]/l2=0.0 ep=377 | R2=+0.345 RMSE=6.787
  [guard] no candidate converged (min sel_epochs=1); retrained [8, 4]/l2=0.0 for 200 epochs -> val RMSE=27.0752
TD-Clean-6   seed7     test=B0005 cfg=[8, 4]/l2=0.0 ep=200 | R2=+0.903 RMSE=3.209
TD-Clean-6   seed7     test=B0006 cfg=[16]/l2=0.0 ep=27 | R2=-0.292 RMSE=14.156
TD-Clean-6   seed7     test=B0007 cfg=[8, 4]/l2=0.0001 ep=369 | R2=+0.507 RMSE=5.983
TD-Clean-6   seed7     test=B0018 cfg=[8]/l2=0.0001 ep=446 | R2=+0.599 RMSE=5.308
  [guard] no candidate converged (min sel_epochs=1); retrained [16]/l2=0.0001 for 200 epochs -> val RMSE=29.7500
TD-Clean-6   seed123   test=B0005 cfg=[16]/l2=0.0001 ep=200 | R2=+0.939 RMSE=2.540
  [guard] dropped 4 non-converged candidate(s) (sel_epochs < 20)
TD-Clean-6   seed123   test=B0006 cfg=[8]/l2=0.0001 ep=47 | R2=+0.172 RMSE=11.331
TD-Clean-6   seed123   test=B0007 cfg=[16]/l2=0.0 ep=257 | R2=+0.931 RMSE=2.235
TD-Clean-6   seed123   test=B0018 cfg=[16]/l2=0.0 ep=329 | R2=+0.531 RMSE=5.740
  [guard] dropped 4 non-converged candidate(s) (sel_epochs < 20)
TD-Clean-6   seed2024  test=B0005 cfg=[8, 4]/l2=0.0001 ep=24 | R2=+0.171 RMSE=9.385
TD-Clean-6   seed2024  test=B0006 cfg=[16]/l2=0.0 ep=38 | R2=+0.158 RMSE=11.431
TD-Clean-6   seed2024  test=B0007 cfg=[8, 4]/l2=0.0001 ep=348 | R2=+0.903 RMSE=2.655
TD-Clean-6   seed2024  test=B0018 cfg=[8, 4]/l2=0.0001 ep=351 | R2=+0.581 RMSE=5.426
  [guard] dropped 4 non-converged candidate(s) (sel_epochs < 20)
TD-Clean-6   seed11    test=B0005 cfg=[8, 4]/l2=0.0001 ep=21 | R2=+0.431 RMSE=7.776
  [guard] dropped 2 non-converged candidate(s) (sel_epochs < 20)
TD-Clean-6   seed11    test=B0006 cfg=[8]/l2=0.0001 ep=29 | R2=-0.100 RMSE=13.065
  [guard] dropped 1 non-converged candidate(s) (sel_epochs < 20)
TD-Clean-6   seed11    test=B0007 cfg=[8]/l2=0.0 ep=492 | R2=+0.836 RMSE=3.449
TD-Clean-6   seed11    test=B0018 cfg=[8, 4]/l2=0.0001 ep=386 | R2=+0.651 RMSE=4.951

--- TD-Clean-4: 4 features ['dis_mean_T', 'dis_V_slope', 'cv_I_slope', 'ch_mean_T']
  [guard] no candidate converged (min sel_epochs=1); retrained [8, 4]/l2=0.0 for 200 epochs -> val RMSE=29.7259
TD-Clean-4   seed42    test=B0005 cfg=[8, 4]/l2=0.0 ep=200 | R2=+0.486 RMSE=7.392
  [guard] dropped 4 non-converged candidate(s) (sel_epochs < 20)
TD-Clean-4   seed42    test=B0006 cfg=[8, 4]/l2=0.0 ep=41 | R2=-0.426 RMSE=14.875
  [guard] dropped 2 non-converged candidate(s) (sel_epochs < 20)
TD-Clean-4   seed42    test=B0007 cfg=[8, 4]/l2=0.0 ep=221 | R2=-0.080 RMSE=8.859
TD-Clean-4   seed42    test=B0018 cfg=[8, 4]/l2=0.0 ep=190 | R2=-1.722 RMSE=13.834
  [guard] no candidate converged (min sel_epochs=1); retrained [16]/l2=0.0001 for 200 epochs -> val RMSE=36.9835
TD-Clean-4   seed7     test=B0005 cfg=[16]/l2=0.0001 ep=200 | R2=+0.350 RMSE=8.310
TD-Clean-4   seed7     test=B0006 cfg=[8]/l2=0.0 ep=40 | R2=-0.465 RMSE=15.074
  [guard] dropped 2 non-converged candidate(s) (sel_epochs < 20)
TD-Clean-4   seed7     test=B0007 cfg=[16]/l2=0.0 ep=49 | R2=+0.264 RMSE=7.312
TD-Clean-4   seed7     test=B0018 cfg=[8, 4]/l2=0.0001 ep=167 | R2=-0.192 RMSE=9.154
  [guard] dropped 2 non-converged candidate(s) (sel_epochs < 20)
TD-Clean-4   seed123   test=B0005 cfg=[8]/l2=0.0 ep=22 | R2=+0.067 RMSE=9.957
  [guard] dropped 2 non-converged candidate(s) (sel_epochs < 20)
TD-Clean-4   seed123   test=B0006 cfg=[8]/l2=0.0 ep=44 | R2=-0.657 RMSE=16.032
  [guard] dropped 4 non-converged candidate(s) (sel_epochs < 20)
TD-Clean-4   seed123   test=B0007 cfg=[16]/l2=0.0001 ep=68 | R2=+0.320 RMSE=7.032
TD-Clean-4   seed123   test=B0018 cfg=[8, 4]/l2=0.0 ep=375 | R2=-1.607 RMSE=13.538
  [guard] no candidate converged (min sel_epochs=1); retrained [8]/l2=0.0 for 200 epochs -> val RMSE=44.5944
TD-Clean-4   seed2024  test=B0005 cfg=[8]/l2=0.0 ep=200 | R2=+0.424 RMSE=7.821
  [guard] no candidate converged (min sel_epochs=1); retrained [16]/l2=0.0 for 200 epochs -> val RMSE=24.2719
TD-Clean-4   seed2024  test=B0006 cfg=[16]/l2=0.0 ep=200 | R2=-1.363 RMSE=19.147
TD-Clean-4   seed2024  test=B0007 cfg=[8, 4]/l2=0.0 ep=52 | R2=+0.433 RMSE=6.420
TD-Clean-4   seed2024  test=B0018 cfg=[8, 4]/l2=0.0001 ep=80 | R2=-2.224 RMSE=15.055
  [guard] no candidate converged (min sel_epochs=1); retrained [8, 4]/l2=0.0 for 200 epochs -> val RMSE=33.3743
TD-Clean-4   seed11    test=B0005 cfg=[8, 4]/l2=0.0 ep=200 | R2=+0.342 RMSE=8.365
  [guard] dropped 4 non-converged candidate(s) (sel_epochs < 20)
TD-Clean-4   seed11    test=B0006 cfg=[16]/l2=0.0 ep=21 | R2=-0.742 RMSE=16.438
  [guard] dropped 1 non-converged candidate(s) (sel_epochs < 20)
TD-Clean-4   seed11    test=B0007 cfg=[8]/l2=0.0 ep=364 | R2=+0.158 RMSE=7.824
TD-Clean-4   seed11    test=B0018 cfg=[16]/l2=0.0 ep=185 | R2=-1.363 RMSE=12.889

=== refit_on_3, mean / median / std over 4 folds x seeds ===
           test_MAE               test_RMSE               test_R2               test_MAPE               test_RMSE_Ah              
               mean median    std      mean median    std    mean median    std      mean median    std         mean median    std
setting                                                                                                                           
TD-Clean-4    9.227  8.237  3.110    11.266  9.556  3.925   -0.40 -0.136  0.842    11.907  9.775  5.247        0.215  0.176  0.082
TD-Clean-6    5.336  4.387  3.128     6.792  5.583  3.910    0.49  0.556  0.381     7.017  5.138  4.911        0.131  0.103  0.081

test_R2 per fold (mean over seeds):
setting       TD-Clean-4  TD-Clean-6
test_battery                        
B0005              0.334       0.675
B0006             -0.731      -0.027
B0007              0.219       0.772
B0018             -1.422       0.542

degenerate fold-seeds: 22 / 40
saved
